<testsuites id="" name="" tests="119" failures="34" skipped="0" errors="0" time="134.754565">
<testsuite name="01-first-use.spec.ts" timestamp="2025-09-16T06:28:11.110Z" hostname="chromium" tests="3" failures="0" skipped="0" time="2.557" errors="0">
<testcase name="First Use Experience › First record creation" classname="01-first-use.spec.ts" time="0.958">
</testcase>
<testcase name="First Use Experience › Immediate feedback on typing" classname="01-first-use.spec.ts" time="0.842">
</testcase>
<testcase name="First Use Experience › Empty state guidance" classname="01-first-use.spec.ts" time="0.757">
</testcase>
</testsuite>
<testsuite name="02-record-management.spec.ts" timestamp="2025-09-16T06:28:11.110Z" hostname="chromium" tests="4" failures="0" skipped="0" time="6.806" errors="0">
<testcase name="Record Management › Creating multiple records" classname="02-record-management.spec.ts" time="0.967">
</testcase>
<testcase name="Record Management › Editing an existing record" classname="02-record-management.spec.ts" time="2.327">
</testcase>
<testcase name="Record Management › Deleting a record" classname="02-record-management.spec.ts" time="2.235">
</testcase>
<testcase name="Record Management › Record uniqueness by tag set" classname="02-record-management.spec.ts" time="1.277">
</testcase>
</testsuite>
<testsuite name="03-search-and-discovery.spec.ts" timestamp="2025-09-16T06:28:11.110Z" hostname="chromium" tests="6" failures="0" skipped="0" time="11.472" errors="0">
<testcase name="Search and Discovery › Real-time search" classname="03-search-and-discovery.spec.ts" time="1.627">
</testcase>
<testcase name="Search and Discovery › Multi-tag search with AND logic" classname="03-search-and-discovery.spec.ts" time="1.75">
</testcase>
<testcase name="Search and Discovery › Tag cloud display for many results" classname="03-search-and-discovery.spec.ts" time="1.669">
</testcase>
<testcase name="Search and Discovery › List display for few results" classname="03-search-and-discovery.spec.ts" time="2.493">
</testcase>
<testcase name="Search and Discovery › Tag normalization in search" classname="03-search-and-discovery.spec.ts" time="2.286">
</testcase>
<testcase name="Search and Discovery › Empty search results" classname="03-search-and-discovery.spec.ts" time="1.647">
</testcase>
</testsuite>
<testsuite name="05-keyboard-navigation.spec.ts" timestamp="2025-09-16T06:28:11.110Z" hostname="chromium" tests="4" failures="0" skipped="0" time="6.752" errors="0">
<testcase name="Keyboard Navigation › Basic keyboard shortcuts" classname="05-keyboard-navigation.spec.ts" time="1.159">
</testcase>
<testcase name="Keyboard Navigation › Search result navigation" classname="05-keyboard-navigation.spec.ts" time="1.572">
</testcase>
<testcase name="Keyboard Navigation › Record editing with keyboard" classname="05-keyboard-navigation.spec.ts" time="1.552">
</testcase>
<testcase name="Keyboard Navigation › Record deletion with keyboard" classname="05-keyboard-navigation.spec.ts" time="2.469">
</testcase>
</testsuite>
<testsuite name="01-first-use.spec.ts" timestamp="2025-09-16T06:28:11.110Z" hostname="firefox" tests="3" failures="0" skipped="0" time="11.163" errors="0">
<testcase name="First Use Experience › First record creation" classname="01-first-use.spec.ts" time="5.706">
</testcase>
<testcase name="First Use Experience › Immediate feedback on typing" classname="01-first-use.spec.ts" time="4.236">
</testcase>
<testcase name="First Use Experience › Empty state guidance" classname="01-first-use.spec.ts" time="1.221">
</testcase>
</testsuite>
<testsuite name="02-record-management.spec.ts" timestamp="2025-09-16T06:28:11.110Z" hostname="firefox" tests="4" failures="0" skipped="0" time="9.659" errors="0">
<testcase name="Record Management › Creating multiple records" classname="02-record-management.spec.ts" time="2.524">
</testcase>
<testcase name="Record Management › Editing an existing record" classname="02-record-management.spec.ts" time="2.745">
</testcase>
<testcase name="Record Management › Deleting a record" classname="02-record-management.spec.ts" time="2.743">
</testcase>
<testcase name="Record Management › Record uniqueness by tag set" classname="02-record-management.spec.ts" time="1.647">
</testcase>
</testsuite>
<testsuite name="03-search-and-discovery.spec.ts" timestamp="2025-09-16T06:28:11.110Z" hostname="firefox" tests="6" failures="0" skipped="0" time="14.099" errors="0">
<testcase name="Search and Discovery › Real-time search" classname="03-search-and-discovery.spec.ts" time="2.208">
</testcase>
<testcase name="Search and Discovery › Multi-tag search with AND logic" classname="03-search-and-discovery.spec.ts" time="2.264">
</testcase>
<testcase name="Search and Discovery › Tag cloud display for many results" classname="03-search-and-discovery.spec.ts" time="2.197">
</testcase>
<testcase name="Search and Discovery › List display for few results" classname="03-search-and-discovery.spec.ts" time="2.193">
</testcase>
<testcase name="Search and Discovery › Tag normalization in search" classname="03-search-and-discovery.spec.ts" time="2.678">
</testcase>
<testcase name="Search and Discovery › Empty search results" classname="03-search-and-discovery.spec.ts" time="2.559">
</testcase>
</testsuite>
<testsuite name="05-keyboard-navigation.spec.ts" timestamp="2025-09-16T06:28:11.110Z" hostname="firefox" tests="4" failures="0" skipped="0" time="8.953" errors="0">
<testcase name="Keyboard Navigation › Basic keyboard shortcuts" classname="05-keyboard-navigation.spec.ts" time="1.949">
</testcase>
<testcase name="Keyboard Navigation › Search result navigation" classname="05-keyboard-navigation.spec.ts" time="2.238">
</testcase>
<testcase name="Keyboard Navigation › Record editing with keyboard" classname="05-keyboard-navigation.spec.ts" time="2.055">
</testcase>
<testcase name="Keyboard Navigation › Record deletion with keyboard" classname="05-keyboard-navigation.spec.ts" time="2.711">
</testcase>
</testsuite>
<testsuite name="01-first-use.spec.ts" timestamp="2025-09-16T06:28:11.110Z" hostname="webkit" tests="3" failures="0" skipped="0" time="6.215" errors="0">
<testcase name="First Use Experience › First record creation" classname="01-first-use.spec.ts" time="2.095">
</testcase>
<testcase name="First Use Experience › Immediate feedback on typing" classname="01-first-use.spec.ts" time="2.141">
</testcase>
<testcase name="First Use Experience › Empty state guidance" classname="01-first-use.spec.ts" time="1.979">
</testcase>
</testsuite>
<testsuite name="02-record-management.spec.ts" timestamp="2025-09-16T06:28:11.110Z" hostname="webkit" tests="4" failures="0" skipped="0" time="13.852" errors="0">
<testcase name="Record Management › Creating multiple records" classname="02-record-management.spec.ts" time="2.916">
</testcase>
<testcase name="Record Management › Editing an existing record" classname="02-record-management.spec.ts" time="4.525">
</testcase>
<testcase name="Record Management › Deleting a record" classname="02-record-management.spec.ts" time="3.732">
</testcase>
<testcase name="Record Management › Record uniqueness by tag set" classname="02-record-management.spec.ts" time="2.679">
</testcase>
</testsuite>
<testsuite name="03-search-and-discovery.spec.ts" timestamp="2025-09-16T06:28:11.110Z" hostname="webkit" tests="6" failures="0" skipped="0" time="20.499" errors="0">
<testcase name="Search and Discovery › Real-time search" classname="03-search-and-discovery.spec.ts" time="3.364">
</testcase>
<testcase name="Search and Discovery › Multi-tag search with AND logic" classname="03-search-and-discovery.spec.ts" time="3.447">
</testcase>
<testcase name="Search and Discovery › Tag cloud display for many results" classname="03-search-and-discovery.spec.ts" time="3.448">
</testcase>
<testcase name="Search and Discovery › List display for few results" classname="03-search-and-discovery.spec.ts" time="3.368">
</testcase>
<testcase name="Search and Discovery › Tag normalization in search" classname="03-search-and-discovery.spec.ts" time="3.51">
</testcase>
<testcase name="Search and Discovery › Empty search results" classname="03-search-and-discovery.spec.ts" time="3.362">
</testcase>
</testsuite>
<testsuite name="05-keyboard-navigation.spec.ts" timestamp="2025-09-16T06:28:11.110Z" hostname="webkit" tests="4" failures="0" skipped="0" time="13.142" errors="0">
<testcase name="Keyboard Navigation › Basic keyboard shortcuts" classname="05-keyboard-navigation.spec.ts" time="2.63">
</testcase>
<testcase name="Keyboard Navigation › Search result navigation" classname="05-keyboard-navigation.spec.ts" time="3.113">
</testcase>
<testcase name="Keyboard Navigation › Record editing with keyboard" classname="05-keyboard-navigation.spec.ts" time="3.297">
</testcase>
<testcase name="Keyboard Navigation › Record deletion with keyboard" classname="05-keyboard-navigation.spec.ts" time="4.102">
</testcase>
</testsuite>
<testsuite name="01-first-use.spec.ts" timestamp="2025-09-16T06:28:11.110Z" hostname="Mobile Chrome" tests="3" failures="0" skipped="0" time="2.832" errors="0">
<testcase name="First Use Experience › First record creation" classname="01-first-use.spec.ts" time="1.017">
</testcase>
<testcase name="First Use Experience › Immediate feedback on typing" classname="01-first-use.spec.ts" time="0.94">
</testcase>
<testcase name="First Use Experience › Empty state guidance" classname="01-first-use.spec.ts" time="0.875">
</testcase>
</testsuite>
<testsuite name="02-record-management.spec.ts" timestamp="2025-09-16T06:28:11.110Z" hostname="Mobile Chrome" tests="4" failures="0" skipped="0" time="7.18" errors="0">
<testcase name="Record Management › Creating multiple records" classname="02-record-management.spec.ts" time="1.063">
</testcase>
<testcase name="Record Management › Editing an existing record" classname="02-record-management.spec.ts" time="2.42">
</testcase>
<testcase name="Record Management › Deleting a record" classname="02-record-management.spec.ts" time="2.3">
</testcase>
<testcase name="Record Management › Record uniqueness by tag set" classname="02-record-management.spec.ts" time="1.397">
</testcase>
</testsuite>
<testsuite name="03-search-and-discovery.spec.ts" timestamp="2025-09-16T06:28:11.110Z" hostname="Mobile Chrome" tests="6" failures="0" skipped="0" time="11.608" errors="0">
<testcase name="Search and Discovery › Real-time search" classname="03-search-and-discovery.spec.ts" time="1.756">
</testcase>
<testcase name="Search and Discovery › Multi-tag search with AND logic" classname="03-search-and-discovery.spec.ts" time="1.848">
</testcase>
<testcase name="Search and Discovery › Tag cloud display for many results" classname="03-search-and-discovery.spec.ts" time="1.754">
</testcase>
<testcase name="Search and Discovery › List display for few results" classname="03-search-and-discovery.spec.ts" time="1.906">
</testcase>
<testcase name="Search and Discovery › Tag normalization in search" classname="03-search-and-discovery.spec.ts" time="1.875">
</testcase>
<testcase name="Search and Discovery › Empty search results" classname="03-search-and-discovery.spec.ts" time="2.469">
</testcase>
</testsuite>
<testsuite name="05-keyboard-navigation.spec.ts" timestamp="2025-09-16T06:28:11.110Z" hostname="Mobile Chrome" tests="4" failures="0" skipped="0" time="7.233" errors="0">
<testcase name="Keyboard Navigation › Basic keyboard shortcuts" classname="05-keyboard-navigation.spec.ts" time="1.428">
</testcase>
<testcase name="Keyboard Navigation › Search result navigation" classname="05-keyboard-navigation.spec.ts" time="1.677">
</testcase>
<testcase name="Keyboard Navigation › Record editing with keyboard" classname="05-keyboard-navigation.spec.ts" time="1.665">
</testcase>
<testcase name="Keyboard Navigation › Record deletion with keyboard" classname="05-keyboard-navigation.spec.ts" time="2.463">
</testcase>
</testsuite>
<testsuite name="01-first-use.spec.ts" timestamp="2025-09-16T06:28:11.110Z" hostname="Mobile Safari" tests="3" failures="0" skipped="0" time="6.765" errors="0">
<testcase name="First Use Experience › First record creation" classname="01-first-use.spec.ts" time="2.198">
</testcase>
<testcase name="First Use Experience › Immediate feedback on typing" classname="01-first-use.spec.ts" time="2.32">
</testcase>
<testcase name="First Use Experience › Empty state guidance" classname="01-first-use.spec.ts" time="2.247">
</testcase>
</testsuite>
<testsuite name="02-record-management.spec.ts" timestamp="2025-09-16T06:28:11.110Z" hostname="Mobile Safari" tests="4" failures="0" skipped="0" time="15.053" errors="0">
<testcase name="Record Management › Creating multiple records" classname="02-record-management.spec.ts" time="2.641">
</testcase>
<testcase name="Record Management › Editing an existing record" classname="02-record-management.spec.ts" time="4.774">
</testcase>
<testcase name="Record Management › Deleting a record" classname="02-record-management.spec.ts" time="4.305">
</testcase>
<testcase name="Record Management › Record uniqueness by tag set" classname="02-record-management.spec.ts" time="3.333">
</testcase>
</testsuite>
<testsuite name="03-search-and-discovery.spec.ts" timestamp="2025-09-16T06:28:11.110Z" hostname="Mobile Safari" tests="6" failures="0" skipped="0" time="23.031" errors="0">
<testcase name="Search and Discovery › Real-time search" classname="03-search-and-discovery.spec.ts" time="4.032">
</testcase>
<testcase name="Search and Discovery › Multi-tag search with AND logic" classname="03-search-and-discovery.spec.ts" time="3.765">
</testcase>
<testcase name="Search and Discovery › Tag cloud display for many results" classname="03-search-and-discovery.spec.ts" time="3.642">
</testcase>
<testcase name="Search and Discovery › List display for few results" classname="03-search-and-discovery.spec.ts" time="3.872">
</testcase>
<testcase name="Search and Discovery › Tag normalization in search" classname="03-search-and-discovery.spec.ts" time="3.935">
</testcase>
<testcase name="Search and Discovery › Empty search results" classname="03-search-and-discovery.spec.ts" time="3.785">
</testcase>
</testsuite>
<testsuite name="05-keyboard-navigation.spec.ts" timestamp="2025-09-16T06:28:11.110Z" hostname="Mobile Safari" tests="4" failures="0" skipped="0" time="13.848" errors="0">
<testcase name="Keyboard Navigation › Basic keyboard shortcuts" classname="05-keyboard-navigation.spec.ts" time="3.148">
</testcase>
<testcase name="Keyboard Navigation › Search result navigation" classname="05-keyboard-navigation.spec.ts" time="3.482">
</testcase>
<testcase name="Keyboard Navigation › Record editing with keyboard" classname="05-keyboard-navigation.spec.ts" time="3.269">
</testcase>
<testcase name="Keyboard Navigation › Record deletion with keyboard" classname="05-keyboard-navigation.spec.ts" time="3.949">
</testcase>
</testsuite>
<testsuite name="01-first-use.spec.ts" timestamp="2025-09-16T06:28:11.110Z" hostname="Microsoft Edge" tests="3" failures="3" skipped="0" time="0.027" errors="0">
<testcase name="First Use Experience › First record creation" classname="01-first-use.spec.ts" time="0.01">
<failure message="01-first-use.spec.ts:13:7 First record creation" type="FAILURE">
<![CDATA[  [Microsoft Edge] › 01-first-use.spec.ts:13:7 › First Use Experience › First record creation ──────

    Error: browserType.launch: Chromium distribution 'msedge' is not found at /opt/microsoft/msedge/msedge
    Run "yarn playwright install msedge"
]]>
</failure>
</testcase>
<testcase name="First Use Experience › Immediate feedback on typing" classname="01-first-use.spec.ts" time="0.01">
<failure message="01-first-use.spec.ts:31:7 Immediate feedback on typing" type="FAILURE">
<![CDATA[  [Microsoft Edge] › 01-first-use.spec.ts:31:7 › First Use Experience › Immediate feedback on typing 

    Error: browserType.launch: Chromium distribution 'msedge' is not found at /opt/microsoft/msedge/msedge
    Run "yarn playwright install msedge"
]]>
</failure>
</testcase>
<testcase name="First Use Experience › Empty state guidance" classname="01-first-use.spec.ts" time="0.007">
<failure message="01-first-use.spec.ts:46:7 Empty state guidance" type="FAILURE">
<![CDATA[  [Microsoft Edge] › 01-first-use.spec.ts:46:7 › First Use Experience › Empty state guidance ───────

    Error: browserType.launch: Chromium distribution 'msedge' is not found at /opt/microsoft/msedge/msedge
    Run "yarn playwright install msedge"
]]>
</failure>
</testcase>
</testsuite>
<testsuite name="02-record-management.spec.ts" timestamp="2025-09-16T06:28:11.110Z" hostname="Microsoft Edge" tests="4" failures="4" skipped="0" time="0.031" errors="0">
<testcase name="Record Management › Creating multiple records" classname="02-record-management.spec.ts" time="0.008">
<failure message="02-record-management.spec.ts:13:7 Creating multiple records" type="FAILURE">
<![CDATA[  [Microsoft Edge] › 02-record-management.spec.ts:13:7 › Record Management › Creating multiple records 

    Error: browserType.launch: Chromium distribution 'msedge' is not found at /opt/microsoft/msedge/msedge
    Run "yarn playwright install msedge"
]]>
</failure>
</testcase>
<testcase name="Record Management › Editing an existing record" classname="02-record-management.spec.ts" time="0.006">
<failure message="02-record-management.spec.ts:33:7 Editing an existing record" type="FAILURE">
<![CDATA[  [Microsoft Edge] › 02-record-management.spec.ts:33:7 › Record Management › Editing an existing record 

    Error: browserType.launch: Chromium distribution 'msedge' is not found at /opt/microsoft/msedge/msedge
    Run "yarn playwright install msedge"
]]>
</failure>
</testcase>
<testcase name="Record Management › Deleting a record" classname="02-record-management.spec.ts" time="0.01">
<failure message="02-record-management.spec.ts:59:7 Deleting a record" type="FAILURE">
<![CDATA[  [Microsoft Edge] › 02-record-management.spec.ts:59:7 › Record Management › Deleting a record ─────

    Error: browserType.launch: Chromium distribution 'msedge' is not found at /opt/microsoft/msedge/msedge
    Run "yarn playwright install msedge"
]]>
</failure>
</testcase>
<testcase name="Record Management › Record uniqueness by tag set" classname="02-record-management.spec.ts" time="0.007">
<failure message="02-record-management.spec.ts:77:7 Record uniqueness by tag set" type="FAILURE">
<![CDATA[  [Microsoft Edge] › 02-record-management.spec.ts:77:7 › Record Management › Record uniqueness by tag set 

    Error: browserType.launch: Chromium distribution 'msedge' is not found at /opt/microsoft/msedge/msedge
    Run "yarn playwright install msedge"
]]>
</failure>
</testcase>
</testsuite>
<testsuite name="03-search-and-discovery.spec.ts" timestamp="2025-09-16T06:28:11.110Z" hostname="Microsoft Edge" tests="6" failures="6" skipped="0" time="0.066" errors="0">
<testcase name="Search and Discovery › Real-time search" classname="03-search-and-discovery.spec.ts" time="0.023">
<failure message="03-search-and-discovery.spec.ts:21:7 Real-time search" type="FAILURE">
<![CDATA[  [Microsoft Edge] › 03-search-and-discovery.spec.ts:21:7 › Search and Discovery › Real-time search 

    Error: browserType.launch: Chromium distribution 'msedge' is not found at /opt/microsoft/msedge/msedge
    Run "yarn playwright install msedge"
]]>
</failure>
</testcase>
<testcase name="Search and Discovery › Multi-tag search with AND logic" classname="03-search-and-discovery.spec.ts" time="0.006">
<failure message="03-search-and-discovery.spec.ts:40:7 Multi-tag search with AND logic" type="FAILURE">
<![CDATA[  [Microsoft Edge] › 03-search-and-discovery.spec.ts:40:7 › Search and Discovery › Multi-tag search with AND logic 

    Error: browserType.launch: Chromium distribution 'msedge' is not found at /opt/microsoft/msedge/msedge
    Run "yarn playwright install msedge"
]]>
</failure>
</testcase>
<testcase name="Search and Discovery › Tag cloud display for many results" classname="03-search-and-discovery.spec.ts" time="0.011">
<failure message="03-search-and-discovery.spec.ts:56:7 Tag cloud display for many results" type="FAILURE">
<![CDATA[  [Microsoft Edge] › 03-search-and-discovery.spec.ts:56:7 › Search and Discovery › Tag cloud display for many results 

    Error: browserType.launch: Chromium distribution 'msedge' is not found at /opt/microsoft/msedge/msedge
    Run "yarn playwright install msedge"
]]>
</failure>
</testcase>
<testcase name="Search and Discovery › List display for few results" classname="03-search-and-discovery.spec.ts" time="0.01">
<failure message="03-search-and-discovery.spec.ts:75:7 List display for few results" type="FAILURE">
<![CDATA[  [Microsoft Edge] › 03-search-and-discovery.spec.ts:75:7 › Search and Discovery › List display for few results 

    Error: browserType.launch: Chromium distribution 'msedge' is not found at /opt/microsoft/msedge/msedge
    Run "yarn playwright install msedge"
]]>
</failure>
</testcase>
<testcase name="Search and Discovery › Tag normalization in search" classname="03-search-and-discovery.spec.ts" time="0.007">
<failure message="03-search-and-discovery.spec.ts:86:7 Tag normalization in search" type="FAILURE">
<![CDATA[  [Microsoft Edge] › 03-search-and-discovery.spec.ts:86:7 › Search and Discovery › Tag normalization in search 

    Error: browserType.launch: Chromium distribution 'msedge' is not found at /opt/microsoft/msedge/msedge
    Run "yarn playwright install msedge"
]]>
</failure>
</testcase>
<testcase name="Search and Discovery › Empty search results" classname="03-search-and-discovery.spec.ts" time="0.009">
<failure message="03-search-and-discovery.spec.ts:103:7 Empty search results" type="FAILURE">
<![CDATA[  [Microsoft Edge] › 03-search-and-discovery.spec.ts:103:7 › Search and Discovery › Empty search results 

    Error: browserType.launch: Chromium distribution 'msedge' is not found at /opt/microsoft/msedge/msedge
    Run "yarn playwright install msedge"
]]>
</failure>
</testcase>
</testsuite>
<testsuite name="05-keyboard-navigation.spec.ts" timestamp="2025-09-16T06:28:11.110Z" hostname="Microsoft Edge" tests="4" failures="4" skipped="0" time="0.025" errors="0">
<testcase name="Keyboard Navigation › Basic keyboard shortcuts" classname="05-keyboard-navigation.spec.ts" time="0.006">
<failure message="05-keyboard-navigation.spec.ts:18:7 Basic keyboard shortcuts" type="FAILURE">
<![CDATA[  [Microsoft Edge] › 05-keyboard-navigation.spec.ts:18:7 › Keyboard Navigation › Basic keyboard shortcuts 

    Error: browserType.launch: Chromium distribution 'msedge' is not found at /opt/microsoft/msedge/msedge
    Run "yarn playwright install msedge"
]]>
</failure>
</testcase>
<testcase name="Keyboard Navigation › Search result navigation" classname="05-keyboard-navigation.spec.ts" time="0.006">
<failure message="05-keyboard-navigation.spec.ts:37:7 Search result navigation" type="FAILURE">
<![CDATA[  [Microsoft Edge] › 05-keyboard-navigation.spec.ts:37:7 › Keyboard Navigation › Search result navigation 

    Error: browserType.launch: Chromium distribution 'msedge' is not found at /opt/microsoft/msedge/msedge
    Run "yarn playwright install msedge"
]]>
</failure>
</testcase>
<testcase name="Keyboard Navigation › Record editing with keyboard" classname="05-keyboard-navigation.spec.ts" time="0.006">
<failure message="05-keyboard-navigation.spec.ts:57:7 Record editing with keyboard" type="FAILURE">
<![CDATA[  [Microsoft Edge] › 05-keyboard-navigation.spec.ts:57:7 › Keyboard Navigation › Record editing with keyboard 

    Error: browserType.launch: Chromium distribution 'msedge' is not found at /opt/microsoft/msedge/msedge
    Run "yarn playwright install msedge"
]]>
</failure>
</testcase>
<testcase name="Keyboard Navigation › Record deletion with keyboard" classname="05-keyboard-navigation.spec.ts" time="0.007">
<failure message="05-keyboard-navigation.spec.ts:71:7 Record deletion with keyboard" type="FAILURE">
<![CDATA[  [Microsoft Edge] › 05-keyboard-navigation.spec.ts:71:7 › Keyboard Navigation › Record deletion with keyboard 

    Error: browserType.launch: Chromium distribution 'msedge' is not found at /opt/microsoft/msedge/msedge
    Run "yarn playwright install msedge"
]]>
</failure>
</testcase>
</testsuite>
<testsuite name="01-first-use.spec.ts" timestamp="2025-09-16T06:28:11.110Z" hostname="Google Chrome" tests="3" failures="3" skipped="0" time="0.023" errors="0">
<testcase name="First Use Experience › First record creation" classname="01-first-use.spec.ts" time="0.007">
<failure message="01-first-use.spec.ts:13:7 First record creation" type="FAILURE">
<![CDATA[  [Google Chrome] › 01-first-use.spec.ts:13:7 › First Use Experience › First record creation ───────

    Error: browserType.launch: Chromium distribution 'chrome' is not found at /opt/google/chrome/chrome
    Run "yarn playwright install chrome"
]]>
</failure>
</testcase>
<testcase name="First Use Experience › Immediate feedback on typing" classname="01-first-use.spec.ts" time="0.009">
<failure message="01-first-use.spec.ts:31:7 Immediate feedback on typing" type="FAILURE">
<![CDATA[  [Google Chrome] › 01-first-use.spec.ts:31:7 › First Use Experience › Immediate feedback on typing 

    Error: browserType.launch: Chromium distribution 'chrome' is not found at /opt/google/chrome/chrome
    Run "yarn playwright install chrome"
]]>
</failure>
</testcase>
<testcase name="First Use Experience › Empty state guidance" classname="01-first-use.spec.ts" time="0.007">
<failure message="01-first-use.spec.ts:46:7 Empty state guidance" type="FAILURE">
<![CDATA[  [Google Chrome] › 01-first-use.spec.ts:46:7 › First Use Experience › Empty state guidance ────────

    Error: browserType.launch: Chromium distribution 'chrome' is not found at /opt/google/chrome/chrome
    Run "yarn playwright install chrome"
]]>
</failure>
</testcase>
</testsuite>
<testsuite name="02-record-management.spec.ts" timestamp="2025-09-16T06:28:11.110Z" hostname="Google Chrome" tests="4" failures="4" skipped="0" time="0.034" errors="0">
<testcase name="Record Management › Creating multiple records" classname="02-record-management.spec.ts" time="0.007">
<failure message="02-record-management.spec.ts:13:7 Creating multiple records" type="FAILURE">
<![CDATA[  [Google Chrome] › 02-record-management.spec.ts:13:7 › Record Management › Creating multiple records 

    Error: browserType.launch: Chromium distribution 'chrome' is not found at /opt/google/chrome/chrome
    Run "yarn playwright install chrome"
]]>
</failure>
</testcase>
<testcase name="Record Management › Editing an existing record" classname="02-record-management.spec.ts" time="0.007">
<failure message="02-record-management.spec.ts:33:7 Editing an existing record" type="FAILURE">
<![CDATA[  [Google Chrome] › 02-record-management.spec.ts:33:7 › Record Management › Editing an existing record 

    Error: browserType.launch: Chromium distribution 'chrome' is not found at /opt/google/chrome/chrome
    Run "yarn playwright install chrome"
]]>
</failure>
</testcase>
<testcase name="Record Management › Deleting a record" classname="02-record-management.spec.ts" time="0.007">
<failure message="02-record-management.spec.ts:59:7 Deleting a record" type="FAILURE">
<![CDATA[  [Google Chrome] › 02-record-management.spec.ts:59:7 › Record Management › Deleting a record ──────

    Error: browserType.launch: Chromium distribution 'chrome' is not found at /opt/google/chrome/chrome
    Run "yarn playwright install chrome"
]]>
</failure>
</testcase>
<testcase name="Record Management › Record uniqueness by tag set" classname="02-record-management.spec.ts" time="0.013">
<failure message="02-record-management.spec.ts:77:7 Record uniqueness by tag set" type="FAILURE">
<![CDATA[  [Google Chrome] › 02-record-management.spec.ts:77:7 › Record Management › Record uniqueness by tag set 

    Error: browserType.launch: Chromium distribution 'chrome' is not found at /opt/google/chrome/chrome
    Run "yarn playwright install chrome"
]]>
</failure>
</testcase>
</testsuite>
<testsuite name="03-search-and-discovery.spec.ts" timestamp="2025-09-16T06:28:11.110Z" hostname="Google Chrome" tests="6" failures="6" skipped="0" time="0.047" errors="0">
<testcase name="Search and Discovery › Real-time search" classname="03-search-and-discovery.spec.ts" time="0.007">
<failure message="03-search-and-discovery.spec.ts:21:7 Real-time search" type="FAILURE">
<![CDATA[  [Google Chrome] › 03-search-and-discovery.spec.ts:21:7 › Search and Discovery › Real-time search ─

    Error: browserType.launch: Chromium distribution 'chrome' is not found at /opt/google/chrome/chrome
    Run "yarn playwright install chrome"
]]>
</failure>
</testcase>
<testcase name="Search and Discovery › Multi-tag search with AND logic" classname="03-search-and-discovery.spec.ts" time="0.008">
<failure message="03-search-and-discovery.spec.ts:40:7 Multi-tag search with AND logic" type="FAILURE">
<![CDATA[  [Google Chrome] › 03-search-and-discovery.spec.ts:40:7 › Search and Discovery › Multi-tag search with AND logic 

    Error: browserType.launch: Chromium distribution 'chrome' is not found at /opt/google/chrome/chrome
    Run "yarn playwright install chrome"
]]>
</failure>
</testcase>
<testcase name="Search and Discovery › Tag cloud display for many results" classname="03-search-and-discovery.spec.ts" time="0.008">
<failure message="03-search-and-discovery.spec.ts:56:7 Tag cloud display for many results" type="FAILURE">
<![CDATA[  [Google Chrome] › 03-search-and-discovery.spec.ts:56:7 › Search and Discovery › Tag cloud display for many results 

    Error: browserType.launch: Chromium distribution 'chrome' is not found at /opt/google/chrome/chrome
    Run "yarn playwright install chrome"
]]>
</failure>
</testcase>
<testcase name="Search and Discovery › List display for few results" classname="03-search-and-discovery.spec.ts" time="0.01">
<failure message="03-search-and-discovery.spec.ts:75:7 List display for few results" type="FAILURE">
<![CDATA[  [Google Chrome] › 03-search-and-discovery.spec.ts:75:7 › Search and Discovery › List display for few results 

    Error: browserType.launch: Chromium distribution 'chrome' is not found at /opt/google/chrome/chrome
    Run "yarn playwright install chrome"
]]>
</failure>
</testcase>
<testcase name="Search and Discovery › Tag normalization in search" classname="03-search-and-discovery.spec.ts" time="0.007">
<failure message="03-search-and-discovery.spec.ts:86:7 Tag normalization in search" type="FAILURE">
<![CDATA[  [Google Chrome] › 03-search-and-discovery.spec.ts:86:7 › Search and Discovery › Tag normalization in search 

    Error: browserType.launch: Chromium distribution 'chrome' is not found at /opt/google/chrome/chrome
    Run "yarn playwright install chrome"
]]>
</failure>
</testcase>
<testcase name="Search and Discovery › Empty search results" classname="03-search-and-discovery.spec.ts" time="0.007">
<failure message="03-search-and-discovery.spec.ts:103:7 Empty search results" type="FAILURE">
<![CDATA[  [Google Chrome] › 03-search-and-discovery.spec.ts:103:7 › Search and Discovery › Empty search results 

    Error: browserType.launch: Chromium distribution 'chrome' is not found at /opt/google/chrome/chrome
    Run "yarn playwright install chrome"
]]>
</failure>
</testcase>
</testsuite>
<testsuite name="05-keyboard-navigation.spec.ts" timestamp="2025-09-16T06:28:11.110Z" hostname="Google Chrome" tests="4" failures="4" skipped="0" time="0.034" errors="0">
<testcase name="Keyboard Navigation › Basic keyboard shortcuts" classname="05-keyboard-navigation.spec.ts" time="0.007">
<failure message="05-keyboard-navigation.spec.ts:18:7 Basic keyboard shortcuts" type="FAILURE">
<![CDATA[  [Google Chrome] › 05-keyboard-navigation.spec.ts:18:7 › Keyboard Navigation › Basic keyboard shortcuts 

    Error: browserType.launch: Chromium distribution 'chrome' is not found at /opt/google/chrome/chrome
    Run "yarn playwright install chrome"
]]>
</failure>
</testcase>
<testcase name="Keyboard Navigation › Search result navigation" classname="05-keyboard-navigation.spec.ts" time="0.012">
<failure message="05-keyboard-navigation.spec.ts:37:7 Search result navigation" type="FAILURE">
<![CDATA[  [Google Chrome] › 05-keyboard-navigation.spec.ts:37:7 › Keyboard Navigation › Search result navigation 

    Error: browserType.launch: Chromium distribution 'chrome' is not found at /opt/google/chrome/chrome
    Run "yarn playwright install chrome"
]]>
</failure>
</testcase>
<testcase name="Keyboard Navigation › Record editing with keyboard" classname="05-keyboard-navigation.spec.ts" time="0.007">
<failure message="05-keyboard-navigation.spec.ts:57:7 Record editing with keyboard" type="FAILURE">
<![CDATA[  [Google Chrome] › 05-keyboard-navigation.spec.ts:57:7 › Keyboard Navigation › Record editing with keyboard 

    Error: browserType.launch: Chromium distribution 'chrome' is not found at /opt/google/chrome/chrome
    Run "yarn playwright install chrome"
]]>
</failure>
</testcase>
<testcase name="Keyboard Navigation › Record deletion with keyboard" classname="05-keyboard-navigation.spec.ts" time="0.008">
<failure message="05-keyboard-navigation.spec.ts:71:7 Record deletion with keyboard" type="FAILURE">
<![CDATA[  [Google Chrome] › 05-keyboard-navigation.spec.ts:71:7 › Keyboard Navigation › Record deletion with keyboard 

    Error: browserType.launch: Chromium distribution 'chrome' is not found at /opt/google/chrome/chrome
    Run "yarn playwright install chrome"
]]>
</failure>
</testcase>
</testsuite>
</testsuites>